| name | id | score |
| Data Structure | 1 | 90.500000 |
| Data Structure | 2 | 95.000000 |
| Calculus | 2 | 92.000000 |
| Calculus | 1 | 88.500000 |
| name | id | score |
| Data Structure | 1 | 90.500000 |
| Data Structure | 2 | 95.000000 |
| Calculus | 2 | 90.000000 |
| Calculus | 1 | 90.000000 |
| name | id | score |
| Error name | 1 | 90.500000 |
| Error name | 2 | 95.000000 |
| Error name | 2 | 90.000000 |
| Error name | 1 | 90.000000 |
| name | id | score |
| Error | -1 | 0.000000 |
| Error | -1 | 0.000000 |
| Error | -1 | 0.000000 |
| Error | -1 | 0.000000 |
