| name | id | score |
| Data Structure | 1 | 90.500000 |
| Data Structure | 2 | 95.000000 |
| Calculus | 2 | 92.000000 |
| Calculus | 1 | 88.500000 |
| score | name | id |
| 90.500000 | Data Structure | 1 |
| 95.000000 | Data Structure | 2 |
| 92.000000 | Calculus | 2 |
| id |
| 1 |
| 2 |
| name |
| Data Structure |
| Calculus |
