| name | val |
| a3 | x3 |
Project(columns=[l.name, r.val], rows=1)
	Join(tables=[l471, r471], condition=[l.id=r.id], rows=1)
		Project(columns=[l.id, l.name], rows=4)
			Scan(table=l471, type=SeqScan, rows=4)
		Project(columns=[r.id, r.val], rows=4)
			Filter(condition=[r.keep=1], rows=4)
				Scan(table=r471, type=SeqScan, rows=16)
