| name | tag |
| lr1 | rr1 |
| lr3 | rr3 |
Project(columns=[lrev.name, rrev.tag], rows=2)
	Join(tables=[lrev, rrev], condition=[rrev.id=lrev.id], rows=2)
		Project(columns=[lrev.id, lrev.name], rows=3)
			Scan(table=lrev, type=SeqScan, rows=3)
		Project(columns=[rrev.id, rrev.tag], rows=9)
			Scan(table=rrev, type=SeqScan, rows=9)
| name | tag |
| lr1 | rr1 |
| lr3 | rr3 |
Project(columns=[lrev.name, rrev.tag], rows=2)
	Join(tables=[lrev, rrev], condition=[rrev.id=lrev.id], rows=2)
		Project(columns=[lrev.id, lrev.name], rows=3)
			Scan(table=lrev, type=SeqScan, rows=3)
		Project(columns=[rrev.id, rrev.tag], rows=2)
			Scan(table=rrev, type=IndexScan, using_index=(id), rows=2)
