| a | b | c | d | e |
| j1a1 | j2b1 | j3c1 | j4d1 | j5e1 |
Project(columns=[j1.a, j2.b, j3.c, j4.d, j5.e], rows=1)
	Join(tables=[j1, j2, j3, j4, j5], condition=[j4.id=j5.id], rows=1)
		Join(tables=[j1, j2, j3, j4], condition=[j3.id=j4.id], rows=1)
			Join(tables=[j1, j2, j3], condition=[j2.id=j3.id], rows=2)
				Join(tables=[j1, j2], condition=[j1.id=j2.id], rows=2)
					Project(columns=[j1.a, j1.id], rows=3)
						Scan(table=j1, type=SeqScan, rows=3)
					Project(columns=[j2.b, j2.id], rows=9)
						Scan(table=j2, type=SeqScan, rows=9)
				Project(columns=[j3.c, j3.id], rows=6)
					Scan(table=j3, type=SeqScan, rows=6)
			Project(columns=[j4.d, j4.id], rows=6)
				Scan(table=j4, type=SeqScan, rows=6)
		Project(columns=[j5.e, j5.id], rows=3)
			Scan(table=j5, type=SeqScan, rows=3)
| a | b | c | d | e |
| j1a1 | j2b1 | j3c1 | j4d1 | j5e1 |
Project(columns=[j1.a, j2.b, j3.c, j4.d, j5.e], rows=1)
	Join(tables=[j1, j2, j3, j4, j5], condition=[j4.id=j5.id], rows=1)
		Join(tables=[j1, j2, j3, j4], condition=[j3.id=j4.id], rows=1)
			Join(tables=[j1, j2, j3], condition=[j2.id=j3.id], rows=2)
				Join(tables=[j1, j2], condition=[j1.id=j2.id], rows=2)
					Project(columns=[j1.a, j1.id], rows=3)
						Scan(table=j1, type=SeqScan, rows=3)
					Project(columns=[j2.b, j2.id], rows=2)
						Scan(table=j2, type=IndexScan, using_index=(id), rows=2)
				Project(columns=[j3.c, j3.id], rows=2)
					Scan(table=j3, type=IndexScan, using_index=(id), rows=2)
			Project(columns=[j4.d, j4.id], rows=1)
				Scan(table=j4, type=IndexScan, using_index=(id), rows=1)
		Project(columns=[j5.e, j5.id], rows=1)
			Scan(table=j5, type=IndexScan, using_index=(id), rows=1)
