| a | b | c |
Project(columns=[na16.a, nb16.b, nc16.c], rows=0)
	Join(tables=[na16, nb16, nc16], condition=[nb16.id=nc16.id], rows=0)
		Join(tables=[na16, nb16], condition=[na16.id=nb16.id], rows=0)
			Project(columns=[na16.a, na16.id], rows=2)
				Scan(table=na16, type=SeqScan, rows=2)
			Project(columns=[nb16.b, nb16.id], rows=4)
				Scan(table=nb16, type=SeqScan, rows=4)
		Project(columns=[nc16.c, nc16.id], rows=0)
			Scan(table=nc16, type=SeqScan, rows=0)
| a | b | c |
Project(columns=[na16.a, nb16.b, nc16.c], rows=0)
	Join(tables=[na16, nb16, nc16], condition=[nb16.id=nc16.id], rows=0)
		Join(tables=[na16, nb16], condition=[na16.id=nb16.id], rows=0)
			Project(columns=[na16.a, na16.id], rows=2)
				Scan(table=na16, type=SeqScan, rows=2)
			Project(columns=[nb16.b, nb16.id], rows=0)
				Scan(table=nb16, type=IndexScan, using_index=(id), rows=0)
		Project(columns=[nc16.c, nc16.id], rows=0)
			Scan(table=nc16, type=IndexScan, using_index=(id), rows=0)
